TEST 1: Closure executed at 2025-06-22 16:00:34
TEST 1: Closure finished at 2025-06-22 16:00:37
TEST 2: Starting HTTP request at 2025-06-22 16:00:37
TEST 2: HTTP request completed at 2025-06-22 16:00:44
TEST 2: Response URL: https://httpbin.org/delay/5
TEST 3: Task 1 started at 2025-06-22 16:00:44.000000
TEST 3: Task 1 completed at 2025-06-22 16:00:46.000000
TEST 3: Task 2 started at 2025-06-22 16:00:46.000000
TEST 3: Task 2 completed at 2025-06-22 16:00:50.000000
TEST 3: Task 3 started at 2025-06-22 16:00:50.000000
TEST 3: Task 3 completed at 2025-06-22 16:00:56.000000
